###############################################################################
#
# IAR ELF Linker V8.40.1.212/W32 for ARM                  23/Oct/2020  01:16:49
# Copyright 2007-2019 IAR Systems AB.
#
#    Output file  =
#        C:\work\repos\embsys100\assignment02\CounterProjectARM\Debug\Exe\CounterProjectARM.out
#    Map file     =
#        C:\work\repos\embsys100\assignment02\CounterProjectARM\Debug\List\CounterProjectARM.map
#    Command line =
#        -f C:\Users\adity\AppData\Local\Temp\EW4436.tmp
#        (C:\work\repos\embsys100\assignment02\CounterProjectARM\Debug\Obj\main.o
#        --no_out_extension -o
#        C:\work\repos\embsys100\assignment02\CounterProjectARM\Debug\Exe\CounterProjectARM.out
#        --redirect _Printf=_PrintfFullNoMb --redirect _Scanf=_ScanfFullNoMb
#        --map
#        C:\work\repos\embsys100\assignment02\CounterProjectARM\Debug\List\CounterProjectARM.map
#        --config "C:\Program Files (x86)\IAR Systems\Embedded Workbench
#        8.3\arm\config\linker\ST\stm32l475xG.icf" --semihosting --entry
#        __iar_program_start --vfe --text_out locale)
#
###############################################################################

*******************************************************************************
*** RUNTIME MODEL ATTRIBUTES
***

CppFlavor       = *
__SystemLibrary = DLib
__dlib_version  = 6


*******************************************************************************
*** HEAP SELECTION
***

The basic heap was selected because some modules are built with
size limitations (and not runtime checking), and --advanced_heap
was not specified.


*******************************************************************************
*** PLACEMENT SUMMARY
***

"A0":  place at address 0x800'0000 { ro section .intvec };
"P1":  place in [from 0x0 to 0x0] |
                [from 0x800'0000 to 0x80f'ffff] { ro };
define block CSTACK with size = 8K, alignment = 8 { };
define block PROC_STACK with size = 0, alignment = 8 { };
define block HEAP with size = 8K, alignment = 8 { };
"P3":  place in [from 0x2000'0000 to 0x2001'7fff] {
          rw, block CSTACK, block PROC_STACK, block HEAP };

No sections matched the following patterns:

  ro section application_specific_ro  in "P2|P5"
  rw                                  in "P3"
  rw section application_specific_rw  in "P2|P5"
  section .textrw                     in "P4"


  Section   Kind         Address    Size  Object
  -------   ----         -------    ----  ------
"A0":                               0x40
  .intvec   ro code   0x800'0000    0x40  vector_table_M.o [4]
                    - 0x800'0040    0x40

"P1":                              0x1d0
  .text     ro code   0x800'0040   0x156  main.o [1]
  .text     ro code   0x800'0196     0x2  vector_table_M.o [4]
  .text     ro code   0x800'0198    0x22  fpinit_M.o [3]
  .text     ro code   0x800'01bc    0x1e  cmain.o [4]
  .text     ro code   0x800'01da     0x4  low_level_init.o [2]
  .text     ro code   0x800'01de     0x4  exit.o [2]
  .text     ro code   0x800'01e4     0xa  cexit.o [4]
  .text     ro code   0x800'01f0    0x14  exit.o [5]
  .text     ro code   0x800'0204     0xc  cstartup_M.o [4]
                    - 0x800'0210   0x1d0

"P3":                             0x2000
  CSTACK             0x2000'0000  0x2000  <Block>
    CSTACK  uninit   0x2000'0000  0x2000  <Block tail>
                   - 0x2000'2000  0x2000

Unused ranges:

         From           To      Size
         ----           --      ----
          0x0          0x0       0x1
   0x800'0210   0x80f'ffff  0xf'fdf0
  0x2000'2000  0x2001'7fff  0x1'6000



*******************************************************************************
*** MODULE SUMMARY
***

    Module            ro code  rw data
    ------            -------  -------
command line/config:
    ----------------------------------
    Total:

C:\work\repos\embsys100\assignment02\CounterProjectARM\Debug\Obj: [1]
    main.o                342
    ----------------------------------
    Total:                342

dl7M_tln.a: [2]
    exit.o                  4
    low_level_init.o        4
    ----------------------------------
    Total:                  8

m7M_tls.a: [3]
    fpinit_M.o             34
    ----------------------------------
    Total:                 34

rt7M_tl.a: [4]
    cexit.o                10
    cmain.o                30
    cstartup_M.o           12
    vector_table_M.o       66
    ----------------------------------
    Total:                118

shb_l.a: [5]
    exit.o                 20
    ----------------------------------
    Total:                 20

    Gaps                    6
    Linker created               8'192
--------------------------------------
    Grand Total:          528    8'192


*******************************************************************************
*** ENTRY LIST
***

Entry                     Address   Size  Type      Object
-----                     -------   ----  ----      ------
?main                  0x800'01bd         Code  Gb  cmain.o [4]
CSTACK$$Base          0x2000'0000          --   Gb  - Linker created -
CSTACK$$Limit         0x2000'2000          --   Gb  - Linker created -
Region$$Table$$Base           0x0          --   Gb  - Linker created -
Region$$Table$$Limit          0x0          --   Gb  - Linker created -
__cmain                0x800'01bd         Code  Gb  cmain.o [4]
__exit                 0x800'01f1   0x14  Code  Gb  exit.o [5]
__iar_init_vfp         0x800'0199         Code  Gb  fpinit_M.o [3]
__iar_program_start    0x800'0205         Code  Gb  cstartup_M.o [4]
__low_level_init       0x800'01db    0x4  Code  Gb  low_level_init.o [2]
__vector_table         0x800'0000         Data  Gb  vector_table_M.o [4]
_call_main             0x800'01c9         Code  Gb  cmain.o [4]
_exit                  0x800'01e5         Code  Gb  cexit.o [4]
_main                  0x800'01d7         Code  Gb  cmain.o [4]
exit                   0x800'01df    0x4  Code  Gb  exit.o [2]
main                   0x800'0041  0x156  Code  Gb  main.o [1]


[1] = C:\work\repos\embsys100\assignment02\CounterProjectARM\Debug\Obj
[2] = dl7M_tln.a
[3] = m7M_tls.a
[4] = rt7M_tl.a
[5] = shb_l.a

    528 bytes of readonly  code memory
  8'192 bytes of readwrite data memory

Errors: none
Warnings: none
